2026-08-25 22:50:36 [INFO] hhru_bot.browser: Загружена сохранённая сессия: /Users/axisrow/Projects/hhru/data/storage_state/hh_session.json
2026-08-25 22:50:36 [INFO] hhru_bot.search: Загрузка страницы поиска: https://hh.ru/search/vacancy?text=%D0%9C%D0%B0%D1%80%D0%BA%D0%B5%D1%82%D0%BE%D0%BB%D0%BE%D0%B3&page=0&area=113&schedule=remote
2026-08-25 22:50:47 [INFO] hhru_bot.search: Найдено вакансий всего: 20
2026-08-25 22:50:48 [INFO] hhru_bot.apply.letter: letter-match 136577210 'Интернет-маркетолог': 27.8/100 (keyword-match письма)
2026-08-25 22:50:48 [INFO] hhru_bot.apply: Открываю вакансию: Интернет-маркетолог (https://hh.ru/vacancy/136577210)
2026-08-25 22:50:52 [INFO] hhru_bot.apply: [DRY-RUN] Откликнулся бы на 'Интернет-маркетолог' с письмом:
Здравствуйте!

Меня заинтересовала вакансия "Интернет-маркетолог" в компании ООО Carrot quest.
Мой опыт и навыки соответствуют требованиям, буду рад обсудить детали.

С уважением

2026-08-25 22:51:03 [INFO] hhru_bot.apply.letter: letter-match 136228063 'Digital-маркетолог': 18.8/100 (keyword-match письма)
2026-08-25 22:51:03 [INFO] hhru_bot.apply: Открываю вакансию: Digital-маркетолог (https://hh.ru/vacancy/136228063)
2026-08-25 22:51:06 [INFO] hhru_bot.apply: [DRY-RUN] Откликнулся бы на 'Digital-маркетолог' с письмом:
Здравствуйте!

Меня заинтересовала вакансия "Digital-маркетолог" в компании Фиджитех.
Мой опыт и навыки соответствуют требованиям, буду рад обсудить детали.

С уважением

2026-08-25 22:51:17 [INFO] hhru_bot.apply.letter: letter-match 136091678 'Маркетолог-аналитик (AI-интеграция)': 31.6/100 (keyword-match письма)
2026-08-25 22:51:17 [INFO] hhru_bot.apply: Открываю вакансию: Маркетолог-аналитик (AI-интеграция) (https://hh.ru/vacancy/136091678)
2026-08-25 22:51:21 [INFO] hhru_bot.apply: [DRY-RUN] Откликнулся бы на 'Маркетолог-аналитик (AI-интеграция)' с письмом:
Здравствуйте!

Меня заинтересовала вакансия "Маркетолог-аналитик (AI-интеграция)" в компании Эксперт Новострой.
Мой опыт и навыки соответствуют требованиям, буду рад обсудить детали.

С уважением

2026-08-25 22:51:31 [INFO] hhru_bot.apply.letter: letter-match 136218980 'Продуктовый маркетолог': 27.8/100 (keyword-match письма)
2026-08-25 22:51:31 [INFO] hhru_bot.apply: Открываю вакансию: Продуктовый маркетолог (https://hh.ru/vacancy/136218980)
2026-08-25 22:51:35 [INFO] hhru_bot.apply: [DRY-RUN] Откликнулся бы на 'Продуктовый маркетолог' с письмом:
Здравствуйте!

Меня заинтересовала вакансия "Продуктовый маркетолог" в компании ООО Технологии маркетинга.
Мой опыт и навыки соответствуют требованиям, буду рад обсудить детали.

С уважением

2026-08-25 22:51:40 [INFO] hhru_bot.questionnaires.answerer: [skip] Вопрос анкеты в очереди: Есть ли у тебя опыт работы в продуктовом маркетинге в SaaS? Если да — расскажи в одном предложении, какой продукт и какую роль ты закрывал. — вопрос не сопоставлен ни с одним шаблоном
2026-08-25 22:51:40 [INFO] hhru_bot.questionnaires.answerer: [skip] Вопрос анкеты в очереди: Как ты обычно проверяешь гипотезу перед запуском новой рекламной кампании? — вопрос не сопоставлен ни с одним шаблоном
2026-08-25 22:51:40 [INFO] hhru_bot.questionnaires.answerer: [skip] Вопрос анкеты в очереди: Приходилось ли тебе работать с командой исполнителей (контент, дизайн, трафик) — ставить задачи и контролировать качество? — вопрос не сопоставлен ни с одним шаблоном
2026-08-25 22:51:40 [INFO] hhru_bot.questionnaires.answerer: [skip] Вопрос анкеты в очереди: Готов ли ты сотрудничать с компанией как ИП? (С нашей стороны есть консультационная поддержка и помощь по открытию, подбору системы налогообложения, ведению учета и отчетности) — вопрос не сопоставлен ни с одним шаблоном
2026-08-25 22:51:40 [INFO] hhru_bot.questionnaires.answerer: [skip] Вопрос анкеты в очереди: Если у тебя есть портфолио — приложи его ссылкой в ответе ниже. — вопрос не сопоставлен ни с одним шаблоном
2026-08-25 22:51:40 [INFO] hhru_bot.apply: [DRY-RUN] Вопрос: Есть ли у тебя опыт работы в продуктовом маркетинге в SaaS? Если да — расскажи в одном предложении, какой продукт и какую роль ты закрывал. | Ответ: (пропущен: низкая уверенность) | confidence=0.00
2026-08-25 22:51:40 [INFO] hhru_bot.apply: [DRY-RUN] Вопрос: Как ты обычно проверяешь гипотезу перед запуском новой рекламной кампании? | Ответ: (пропущен: низкая уверенность) | confidence=0.00
2026-08-25 22:51:40 [INFO] hhru_bot.apply: [DRY-RUN] Вопрос: Приходилось ли тебе работать с командой исполнителей (контент, дизайн, трафик) — ставить задачи и контролировать качество? | Ответ: (пропущен: низкая уверенность) | confidence=0.00
2026-08-25 22:51:40 [INFO] hhru_bot.apply: [DRY-RUN] Вопрос: Готов ли ты сотрудничать с компанией как ИП? (С нашей стороны есть консультационная поддержка и помощь по открытию, подбору системы налогообложения, ведению учета и отчетности) | Ответ: (пропущен: низкая уверенность) | confidence=0.00
2026-08-25 22:51:40 [INFO] hhru_bot.apply: [DRY-RUN] Вопрос: Если у тебя есть портфолио — приложи его ссылкой в ответе ниже. | Ответ: (пропущен: низкая уверенность) | confidence=0.00
2026-08-25 22:51:40 [INFO] hhru_bot.apply.letter: letter-match 135631445 'Маркетолог': 13.3/100 (keyword-match письма)
2026-08-25 22:51:40 [INFO] hhru_bot.apply: Открываю вакансию: Маркетолог (https://hh.ru/vacancy/135631445)
2026-08-25 22:51:43 [INFO] hhru_bot.apply: [DRY-RUN] Откликнулся бы на 'Маркетолог' с письмом:
Здравствуйте!

Меня заинтересовала вакансия "Маркетолог" в компании Eqvanta.
Мой опыт и навыки соответствуют требованиям, буду рад обсудить детали.

С уважением

2026-08-25 22:51:55 [INFO] hhru_bot.apply.letter: letter-match 136393383 'CRM-маркетолог / Retention-маркетолог': 40.9/100 (keyword-match письма)
2026-08-25 22:51:55 [INFO] hhru_bot.apply: Открываю вакансию: CRM-маркетолог / Retention-маркетолог (https://hh.ru/vacancy/136393383)
2026-08-25 22:51:58 [INFO] hhru_bot.apply: [DRY-RUN] Откликнулся бы на 'CRM-маркетолог / Retention-маркетолог' с письмом:
Здравствуйте!

Меня заинтересовала вакансия "CRM-маркетолог / Retention-маркетолог" в компании ООО Международная академия фейспластики и остеопатии.
Мой опыт и навыки соответствуют требованиям, буду рад обсудить детали.

С уважением

2026-08-25 22:52:09 [INFO] hhru_bot.apply.letter: letter-match 136537655 'Маркетолог (БФЛ)': 27.8/100 (keyword-match письма)
2026-08-25 22:52:09 [INFO] hhru_bot.apply: Открываю вакансию: Маркетолог (БФЛ) (https://hh.ru/vacancy/136537655)
2026-08-25 22:52:12 [INFO] hhru_bot.apply: [DRY-RUN] Откликнулся бы на 'Маркетолог (БФЛ)' с письмом:
Здравствуйте!

Меня заинтересовала вакансия "Маркетолог (БФЛ)" в компании Центр Защиты Должников.
Мой опыт и навыки соответствуют требованиям, буду рад обсудить детали.

С уважением

2026-08-25 22:52:23 [INFO] hhru_bot.apply.letter: letter-match 135696700 'Маркетолог': 18.8/100 (keyword-match письма)
2026-08-25 22:52:23 [INFO] hhru_bot.apply: Открываю вакансию: Маркетолог (https://hh.ru/vacancy/135696700)
2026-08-25 22:52:26 [INFO] hhru_bot.apply: [DRY-RUN] Откликнулся бы на 'Маркетолог' с письмом:
Здравствуйте!

Меня заинтересовала вакансия "Маркетолог" в компании Испанское Бюро.
Мой опыт и навыки соответствуют требованиям, буду рад обсудить детали.

С уважением

2026-08-25 22:52:37 [INFO] hhru_bot.apply.letter: letter-match 136170827 'Маркетолог B2B в IT (Edtech)': 40.0/100 (keyword-match письма)
2026-08-25 22:52:37 [INFO] hhru_bot.apply: Открываю вакансию: Маркетолог B2B в IT (Edtech) (https://hh.ru/vacancy/136170827)
2026-08-25 22:52:40 [INFO] hhru_bot.apply: [DRY-RUN] Откликнулся бы на 'Маркетолог B2B в IT (Edtech)' с письмом:
Здравствуйте!

Меня заинтересовала вакансия "Маркетолог B2B в IT (Edtech)" в компании ООО Мой Класс.
Мой опыт и навыки соответствуют требованиям, буду рад обсудить детали.

С уважением

2026-08-25 22:52:51 [INFO] hhru_bot.apply.letter: letter-match 136030063 'Маркетолог': 18.8/100 (keyword-match письма)
2026-08-25 22:52:51 [INFO] hhru_bot.apply: Открываю вакансию: Маркетолог (https://hh.ru/vacancy/136030063)
2026-08-25 22:52:54 [INFO] hhru_bot.apply: [DRY-RUN] Откликнулся бы на 'Маркетолог' с письмом:
Здравствуйте!

Меня заинтересовала вакансия "Маркетолог" в компании Школа рекламы.
Мой опыт и навыки соответствуют требованиям, буду рад обсудить детали.

С уважением

2026-08-25 22:53:05 [INFO] hhru_bot.apply.letter: letter-match 136566840 'CPA-маркетолог/руководитель': 23.5/100 (keyword-match письма)
2026-08-25 22:53:05 [INFO] hhru_bot.apply: Открываю вакансию: CPA-маркетолог/руководитель (https://hh.ru/vacancy/136566840)
2026-08-25 22:53:08 [INFO] hhru_bot.apply: [DRY-RUN] Откликнулся бы на 'CPA-маркетолог/руководитель' с письмом:
Здравствуйте!

Меня заинтересовала вакансия "CPA-маркетолог/руководитель" в компании ESTADEL.
Мой опыт и навыки соответствуют требованиям, буду рад обсудить детали.

С уважением

2026-08-25 22:53:19 [INFO] hhru_bot.apply.letter: letter-match 136548056 'Ведущий маркетолог': 27.8/100 (keyword-match письма)
2026-08-25 22:53:19 [INFO] hhru_bot.apply: Открываю вакансию: Ведущий маркетолог (https://hh.ru/vacancy/136548056)
2026-08-25 22:53:22 [INFO] hhru_bot.apply: [DRY-RUN] Откликнулся бы на 'Ведущий маркетолог' с письмом:
Здравствуйте!

Меня заинтересовала вакансия "Ведущий маркетолог" в компании ООО Мир Красоты.
Мой опыт и навыки соответствуют требованиям, буду рад обсудить детали.

С уважением

2026-08-25 22:53:32 [INFO] hhru_bot.apply.letter: letter-match 135710711 'Ведущий продуктовый маркетолог': 27.8/100 (keyword-match письма)
2026-08-25 22:53:32 [INFO] hhru_bot.apply: Открываю вакансию: Ведущий продуктовый маркетолог (https://hh.ru/vacancy/135710711)
2026-08-25 22:53:36 [INFO] hhru_bot.apply: [DRY-RUN] Откликнулся бы на 'Ведущий продуктовый маркетолог' с письмом:
Здравствуйте!

Меня заинтересовала вакансия "Ведущий продуктовый маркетолог" в компании Профи.ру.
Мой опыт и навыки соответствуют требованиям, буду рад обсудить детали.

С уважением

2026-08-25 22:53:40 [INFO] hhru_bot.questionnaires.answerer: [skip] Вопрос анкеты в очереди: Опишите кратко ваш процесс взаимодействия с продуктовой командой. Как он строился на предыдущем месте? — вопрос не сопоставлен ни с одним шаблоном
2026-08-25 22:53:40 [INFO] hhru_bot.apply: [DRY-RUN] Вопрос: Опишите кратко ваш процесс взаимодействия с продуктовой командой. Как он строился на предыдущем месте? | Ответ: (пропущен: низкая уверенность) | confidence=0.00
2026-08-25 22:53:40 [INFO] hhru_bot.apply.letter: letter-match 136159260 'Амбассадор Цитрус/сайты и веб-сервисы': 35.0/100 (keyword-match письма)
2026-08-25 22:53:40 [INFO] hhru_bot.apply: Открываю вакансию: Амбассадор Цитрус/сайты и веб-сервисы (https://hh.ru/vacancy/136159260)
2026-08-25 22:53:44 [INFO] hhru_bot.apply: [DRY-RUN] Откликнулся бы на 'Амбассадор Цитрус/сайты и веб-сервисы' с письмом:
Здравствуйте!

Меня заинтересовала вакансия "Амбассадор Цитрус/сайты и веб-сервисы" в компании ООО Компания Цитрус.
Мой опыт и навыки соответствуют требованиям, буду рад обсудить детали.

С уважением

2026-08-25 22:53:55 [INFO] hhru_bot.apply.letter: letter-match 135983202 'Founding AI Marketing Manager': 31.6/100 (keyword-match письма)
2026-08-25 22:53:55 [INFO] hhru_bot.apply: Открываю вакансию: Founding AI Marketing Manager (https://hh.ru/vacancy/135983202)
2026-08-25 22:53:58 [INFO] hhru_bot.apply: [DRY-RUN] Откликнулся бы на 'Founding AI Marketing Manager' с письмом:
Здравствуйте!

Меня заинтересовала вакансия "Founding AI Marketing Manager" в компании ArtVolkov.ru.
Мой опыт и навыки соответствуют требованиям, буду рад обсудить детали.

С уважением

2026-08-25 22:54:03 [INFO] hhru_bot.questionnaires.answerer: [skip] Вопрос анкеты в очереди: 1. Ты используешь AI-агенты и автоматизации в маркетинге на постоянной основе (ресёрч, контент, аналитика, рутина)? — вопрос не сопоставлен ни с одним шаблоном
2026-08-25 22:54:03 [INFO] hhru_bot.questionnaires.answerer: [skip] Вопрос анкеты в очереди: 2. Ты был единственным маркетологом в стартапе и строил маркетинг/GTM с нуля сам, руками? — вопрос не сопоставлен ни с одним шаблоном
2026-08-25 22:54:03 [INFO] hhru_bot.questionnaires.answerer: [skip] Вопрос анкеты в очереди: 3. Готов работать hands-on в одиночку (без команды подрядчиков под тобой), отдавая рутину AI-агентам? — вопрос не сопоставлен ни с одним шаблоном
2026-08-25 22:54:03 [INFO] hhru_bot.questionnaires.answerer: [skip] Вопрос анкеты в очереди: 4. За последний год ты сам, руками, собирал лендинги / креативы / контент и запускал каналы — а не ставил задачи подрядчикам и команде? — вопрос не сопоставлен ни с одним шаблоном
2026-08-25 22:54:03 [INFO] hhru_bot.questionnaires.answerer: [skip] Вопрос анкеты в очереди: 5. Ты готов к полной удалёнке и оформлению как контрактор / ИП? — вопрос не сопоставлен ни с одним шаблоном
2026-08-25 22:54:03 [INFO] hhru_bot.apply: [DRY-RUN] Вопрос: 1. Ты используешь AI-агенты и автоматизации в маркетинге на постоянной основе (ресёрч, контент, аналитика, рутина)? | Ответ: (пропущен: низкая уверенность) | confidence=0.00
2026-08-25 22:54:03 [INFO] hhru_bot.apply: [DRY-RUN] Вопрос: 2. Ты был единственным маркетологом в стартапе и строил маркетинг/GTM с нуля сам, руками? | Ответ: (пропущен: низкая уверенность) | confidence=0.00
2026-08-25 22:54:03 [INFO] hhru_bot.apply: [DRY-RUN] Вопрос: 3. Готов работать hands-on в одиночку (без команды подрядчиков под тобой), отдавая рутину AI-агентам? | Ответ: (пропущен: низкая уверенность) | confidence=0.00
2026-08-25 22:54:03 [INFO] hhru_bot.apply: [DRY-RUN] Вопрос: 4. За последний год ты сам, руками, собирал лендинги / креативы / контент и запускал каналы — а не ставил задачи подрядчикам и команде? | Ответ: (пропущен: низкая уверенность) | confidence=0.00
2026-08-25 22:54:03 [INFO] hhru_bot.apply: [DRY-RUN] Вопрос: 5. Ты готов к полной удалёнке и оформлению как контрактор / ИП? | Ответ: (пропущен: низкая уверенность) | confidence=0.00

=== Отклики для резюме: marketing ===
  [OK] Интернет-маркетолог — ООО Carrot quest
  [OK] Digital-маркетолог — Фиджитех
  [OK] Маркетолог-аналитик (AI-интеграция) — Эксперт Новострой
  [FAIL] Продуктовый маркетолог — пропущен вопрос с низкой уверенностью (5): Есть ли у тебя опыт работы в продуктовом маркетинге в SaaS? Если да — расскажи в одном предложении, какой продукт и какую роль ты закрывал. (dry-run — предпросмотр, не сохраняется)
  [OK] Маркетолог — Eqvanta
  [OK] CRM-маркетолог / Retention-маркетолог — ООО Международная академия фейспластики и остеопатии
  [OK] Маркетолог (БФЛ) — Центр Защиты Должников
  [OK] Маркетолог — Испанское Бюро
  [OK] Маркетолог B2B в IT (Edtech) — ООО Мой Класс
  [OK] Маркетолог — Школа рекламы
  [OK] CPA-маркетолог/руководитель — ESTADEL
  [OK] Ведущий маркетолог — ООО Мир Красоты
  [FAIL] Ведущий продуктовый маркетолог — пропущен вопрос с низкой уверенностью (1): Опишите кратко ваш процесс взаимодействия с продуктовой командой. Как он строился на предыдущем месте? (dry-run — предпросмотр, не сохраняется)
  [OK] Амбассадор Цитрус/сайты и веб-сервисы — ООО Компания Цитрус
  [FAIL] Founding AI Marketing Manager — пропущен вопрос с низкой уверенностью (5): 1. Ты используешь AI-агенты и автоматизации в маркетинге на постоянной основе (ресёрч, контент, аналитика, рутина)? (dry-run — предпросмотр, не сохраняется)
[INFO] Достигнут потолок в 1 страниц(ы) поиска, цель (20) не достигнута — попробуйте явный --max-pages с большим значением
Итого откликов за этот запуск: 12
[RUN] id=889439fc-74a6-4a64-945f-68a36c9be905 status=completed attempted=15 success=12 failed=3 uncertain=0 skipped=0
2026-08-25 23:04:11 [INFO] hhru_bot.browser: Загружена сохранённая сессия: /Users/axisrow/Projects/hhru/data/storage_state/hh_session.json
2026-08-25 23:04:12 [INFO] hhru_bot.search: Загрузка страницы поиска: https://hh.ru/search/vacancy?text=%D0%9C%D0%B0%D1%80%D0%BA%D0%B5%D1%82%D0%BE%D0%BB%D0%BE%D0%B3&page=0&area=113&schedule=remote
2026-08-25 23:04:18 [INFO] hhru_bot.search: Найдено вакансий всего: 20
2026-08-25 23:04:18 [INFO] hhru_bot.apply.letter: letter-match 136577210 'Интернет-маркетолог': 27.8/100 (keyword-match письма)
2026-08-25 23:04:18 [INFO] hhru_bot.apply: Открываю вакансию: Интернет-маркетолог (https://hh.ru/vacancy/136577210)
2026-08-25 23:04:21 [INFO] hhru_bot.apply: [DRY-RUN] Откликнулся бы на 'Интернет-маркетолог' с письмом:
Здравствуйте!

Меня заинтересовала вакансия "Интернет-маркетолог" в компании ООО Carrot quest.
Мой опыт и навыки соответствуют требованиям, буду рад обсудить детали.

С уважением

2026-08-25 23:04:32 [INFO] hhru_bot.apply.letter: letter-match 136228063 'Digital-маркетолог': 18.8/100 (keyword-match письма)
2026-08-25 23:04:32 [INFO] hhru_bot.apply: Открываю вакансию: Digital-маркетолог (https://hh.ru/vacancy/136228063)
2026-08-25 23:04:35 [INFO] hhru_bot.apply: [DRY-RUN] Откликнулся бы на 'Digital-маркетолог' с письмом:
Здравствуйте!

Меня заинтересовала вакансия "Digital-маркетолог" в компании Фиджитех.
Мой опыт и навыки соответствуют требованиям, буду рад обсудить детали.

С уважением

2026-08-25 23:04:46 [INFO] hhru_bot.apply.letter: letter-match 136091678 'Маркетолог-аналитик (AI-интеграция)': 31.6/100 (keyword-match письма)
2026-08-25 23:04:46 [INFO] hhru_bot.apply: Открываю вакансию: Маркетолог-аналитик (AI-интеграция) (https://hh.ru/vacancy/136091678)
2026-08-25 23:04:49 [INFO] hhru_bot.apply: [DRY-RUN] Откликнулся бы на 'Маркетолог-аналитик (AI-интеграция)' с письмом:
Здравствуйте!

Меня заинтересовала вакансия "Маркетолог-аналитик (AI-интеграция)" в компании Эксперт Новострой.
Мой опыт и навыки соответствуют требованиям, буду рад обсудить детали.

С уважением

2026-08-25 23:05:00 [INFO] hhru_bot.apply.letter: letter-match 136393383 'CRM-маркетолог / Retention-маркетолог': 40.9/100 (keyword-match письма)
2026-08-25 23:05:00 [INFO] hhru_bot.apply: Открываю вакансию: CRM-маркетолог / Retention-маркетолог (https://hh.ru/vacancy/136393383)
2026-08-25 23:05:03 [INFO] hhru_bot.apply: [DRY-RUN] Откликнулся бы на 'CRM-маркетолог / Retention-маркетолог' с письмом:
Здравствуйте!

Меня заинтересовала вакансия "CRM-маркетолог / Retention-маркетолог" в компании ООО Международная академия фейспластики и остеопатии.
Мой опыт и навыки соответствуют требованиям, буду рад обсудить детали.

С уважением

2026-08-25 23:05:13 [INFO] hhru_bot.apply.letter: letter-match 136218980 'Продуктовый маркетолог': 27.8/100 (keyword-match письма)
2026-08-25 23:05:13 [INFO] hhru_bot.apply: Открываю вакансию: Продуктовый маркетолог (https://hh.ru/vacancy/136218980)
2026-08-25 23:05:16 [INFO] hhru_bot.apply: [DRY-RUN] Откликнулся бы на 'Продуктовый маркетолог' с письмом:
Здравствуйте!

Меня заинтересовала вакансия "Продуктовый маркетолог" в компании ООО Технологии маркетинга.
Мой опыт и навыки соответствуют требованиям, буду рад обсудить детали.

С уважением

2026-08-25 23:05:21 [INFO] hhru_bot.questionnaires.answerer: [skip] Вопрос анкеты в очереди: Есть ли у тебя опыт работы в продуктовом маркетинге в SaaS? Если да — расскажи в одном предложении, какой продукт и какую роль ты закрывал. — вопрос не сопоставлен ни с одним шаблоном
2026-08-25 23:05:21 [INFO] hhru_bot.questionnaires.answerer: [skip] Вопрос анкеты в очереди: Как ты обычно проверяешь гипотезу перед запуском новой рекламной кампании? — вопрос не сопоставлен ни с одним шаблоном
2026-08-25 23:05:21 [INFO] hhru_bot.questionnaires.answerer: [skip] Вопрос анкеты в очереди: Приходилось ли тебе работать с командой исполнителей (контент, дизайн, трафик) — ставить задачи и контролировать качество? — вопрос не сопоставлен ни с одним шаблоном
2026-08-25 23:05:21 [INFO] hhru_bot.questionnaires.answerer: [skip] Вопрос анкеты в очереди: Готов ли ты сотрудничать с компанией как ИП? (С нашей стороны есть консультационная поддержка и помощь по открытию, подбору системы налогообложения, ведению учета и отчетности) — вопрос не сопоставлен ни с одним шаблоном
2026-08-25 23:05:21 [INFO] hhru_bot.questionnaires.answerer: [skip] Вопрос анкеты в очереди: Если у тебя есть портфолио — приложи его ссылкой в ответе ниже. — вопрос не сопоставлен ни с одним шаблоном
2026-08-25 23:05:21 [INFO] hhru_bot.apply: [DRY-RUN] Вопрос: Есть ли у тебя опыт работы в продуктовом маркетинге в SaaS? Если да — расскажи в одном предложении, какой продукт и какую роль ты закрывал. | Ответ: (пропущен: низкая уверенность) | confidence=0.00
2026-08-25 23:05:21 [INFO] hhru_bot.apply: [DRY-RUN] Вопрос: Как ты обычно проверяешь гипотезу перед запуском новой рекламной кампании? | Ответ: (пропущен: низкая уверенность) | confidence=0.00
2026-08-25 23:05:21 [INFO] hhru_bot.apply: [DRY-RUN] Вопрос: Приходилось ли тебе работать с командой исполнителей (контент, дизайн, трафик) — ставить задачи и контролировать качество? | Ответ: (пропущен: низкая уверенность) | confidence=0.00
2026-08-25 23:05:21 [INFO] hhru_bot.apply: [DRY-RUN] Вопрос: Готов ли ты сотрудничать с компанией как ИП? (С нашей стороны есть консультационная поддержка и помощь по открытию, подбору системы налогообложения, ведению учета и отчетности) | Ответ: (пропущен: низкая уверенность) | confidence=0.00
2026-08-25 23:05:21 [INFO] hhru_bot.apply: [DRY-RUN] Вопрос: Если у тебя есть портфолио — приложи его ссылкой в ответе ниже. | Ответ: (пропущен: низкая уверенность) | confidence=0.00
2026-08-25 23:05:21 [INFO] hhru_bot.apply.letter: letter-match 135631445 'Маркетолог': 13.3/100 (keyword-match письма)
2026-08-25 23:05:21 [INFO] hhru_bot.apply: Открываю вакансию: Маркетолог (https://hh.ru/vacancy/135631445)
2026-08-25 23:05:24 [INFO] hhru_bot.apply: [DRY-RUN] Откликнулся бы на 'Маркетолог' с письмом:
Здравствуйте!

Меня заинтересовала вакансия "Маркетолог" в компании Eqvanta.
Мой опыт и навыки соответствуют требованиям, буду рад обсудить детали.

С уважением

2026-08-25 23:05:35 [INFO] hhru_bot.apply.letter: letter-match 136170827 'Маркетолог B2B в IT (Edtech)': 40.0/100 (keyword-match письма)
2026-08-25 23:05:35 [INFO] hhru_bot.apply: Открываю вакансию: Маркетолог B2B в IT (Edtech) (https://hh.ru/vacancy/136170827)
2026-08-25 23:05:39 [INFO] hhru_bot.apply: [DRY-RUN] Откликнулся бы на 'Маркетолог B2B в IT (Edtech)' с письмом:
Здравствуйте!

Меня заинтересовала вакансия "Маркетолог B2B в IT (Edtech)" в компании ООО Мой Класс.
Мой опыт и навыки соответствуют требованиям, буду рад обсудить детали.

С уважением

2026-08-25 23:05:49 [INFO] hhru_bot.apply.letter: letter-match 135696700 'Маркетолог': 18.8/100 (keyword-match письма)
2026-08-25 23:05:49 [INFO] hhru_bot.apply: Открываю вакансию: Маркетолог (https://hh.ru/vacancy/135696700)
2026-08-25 23:05:52 [INFO] hhru_bot.apply: [DRY-RUN] Откликнулся бы на 'Маркетолог' с письмом:
Здравствуйте!

Меня заинтересовала вакансия "Маркетолог" в компании Испанское Бюро.
Мой опыт и навыки соответствуют требованиям, буду рад обсудить детали.

С уважением

2026-08-25 23:06:03 [INFO] hhru_bot.apply.letter: letter-match 136537655 'Маркетолог (БФЛ)': 27.8/100 (keyword-match письма)
2026-08-25 23:06:03 [INFO] hhru_bot.apply: Открываю вакансию: Маркетолог (БФЛ) (https://hh.ru/vacancy/136537655)
2026-08-25 23:06:06 [INFO] hhru_bot.apply: [DRY-RUN] Откликнулся бы на 'Маркетолог (БФЛ)' с письмом:
Здравствуйте!

Меня заинтересовала вакансия "Маркетолог (БФЛ)" в компании Центр Защиты Должников.
Мой опыт и навыки соответствуют требованиям, буду рад обсудить детали.

С уважением

2026-08-25 23:06:17 [INFO] hhru_bot.apply.letter: letter-match 136030063 'Маркетолог': 18.8/100 (keyword-match письма)
2026-08-25 23:06:17 [INFO] hhru_bot.apply: Открываю вакансию: Маркетолог (https://hh.ru/vacancy/136030063)
2026-08-25 23:06:20 [INFO] hhru_bot.apply: [DRY-RUN] Откликнулся бы на 'Маркетолог' с письмом:
Здравствуйте!

Меня заинтересовала вакансия "Маркетолог" в компании Школа рекламы.
Мой опыт и навыки соответствуют требованиям, буду рад обсудить детали.

С уважением

2026-08-25 23:06:30 [INFO] hhru_bot.apply.letter: letter-match 135710711 'Ведущий продуктовый маркетолог': 27.8/100 (keyword-match письма)
2026-08-25 23:06:30 [INFO] hhru_bot.apply: Открываю вакансию: Ведущий продуктовый маркетолог (https://hh.ru/vacancy/135710711)
2026-08-25 23:06:33 [INFO] hhru_bot.apply: [DRY-RUN] Откликнулся бы на 'Ведущий продуктовый маркетолог' с письмом:
Здравствуйте!

Меня заинтересовала вакансия "Ведущий продуктовый маркетолог" в компании Профи.ру.
Мой опыт и навыки соответствуют требованиям, буду рад обсудить детали.

С уважением

2026-08-25 23:06:38 [INFO] hhru_bot.questionnaires.answerer: [skip] Вопрос анкеты в очереди: Опишите кратко ваш процесс взаимодействия с продуктовой командой. Как он строился на предыдущем месте? — вопрос не сопоставлен ни с одним шаблоном
2026-08-25 23:06:38 [INFO] hhru_bot.apply: [DRY-RUN] Вопрос: Опишите кратко ваш процесс взаимодействия с продуктовой командой. Как он строился на предыдущем месте? | Ответ: (пропущен: низкая уверенность) | confidence=0.00
2026-08-25 23:06:38 [INFO] hhru_bot.apply.letter: letter-match 136566840 'CPA-маркетолог/руководитель': 23.5/100 (keyword-match письма)
2026-08-25 23:06:38 [INFO] hhru_bot.apply: Открываю вакансию: CPA-маркетолог/руководитель (https://hh.ru/vacancy/136566840)
2026-08-25 23:06:41 [INFO] hhru_bot.apply: [DRY-RUN] Откликнулся бы на 'CPA-маркетолог/руководитель' с письмом:
Здравствуйте!

Меня заинтересовала вакансия "CPA-маркетолог/руководитель" в компании ESTADEL.
Мой опыт и навыки соответствуют требованиям, буду рад обсудить детали.

С уважением

2026-08-25 23:06:52 [INFO] hhru_bot.apply.letter: letter-match 136586553 'Ведущий Growth-маркетолог / Growth Marketing Manager': 40.9/100 (keyword-match письма)
2026-08-25 23:06:52 [INFO] hhru_bot.apply: Открываю вакансию: Ведущий Growth-маркетолог / Growth Marketing Manager (https://hh.ru/vacancy/136586553)
2026-08-25 23:06:54 [INFO] hhru_bot.apply: [DRY-RUN] Откликнулся бы на 'Ведущий Growth-маркетолог / Growth Marketing Manager' с письмом:
Здравствуйте!

Меня заинтересовала вакансия "Ведущий Growth-маркетолог / Growth Marketing Manager" в компании ООО Интайм Девелоп.
Мой опыт и навыки соответствуют требованиям, буду рад обсудить детали.

С уважением

2026-08-25 23:07:05 [INFO] hhru_bot.apply.letter: letter-match 136159260 'Амбассадор Цитрус/сайты и веб-сервисы': 35.0/100 (keyword-match письма)
2026-08-25 23:07:05 [INFO] hhru_bot.apply: Открываю вакансию: Амбассадор Цитрус/сайты и веб-сервисы (https://hh.ru/vacancy/136159260)
2026-08-25 23:07:08 [INFO] hhru_bot.apply: [DRY-RUN] Откликнулся бы на 'Амбассадор Цитрус/сайты и веб-сервисы' с письмом:
Здравствуйте!

Меня заинтересовала вакансия "Амбассадор Цитрус/сайты и веб-сервисы" в компании ООО Компания Цитрус.
Мой опыт и навыки соответствуют требованиям, буду рад обсудить детали.

С уважением

2026-08-25 23:07:19 [INFO] hhru_bot.apply.letter: letter-match 135983202 'Founding AI Marketing Manager': 31.6/100 (keyword-match письма)
2026-08-25 23:07:19 [INFO] hhru_bot.apply: Открываю вакансию: Founding AI Marketing Manager (https://hh.ru/vacancy/135983202)
2026-08-25 23:07:21 [INFO] hhru_bot.apply: [DRY-RUN] Откликнулся бы на 'Founding AI Marketing Manager' с письмом:
Здравствуйте!

Меня заинтересовала вакансия "Founding AI Marketing Manager" в компании ArtVolkov.ru.
Мой опыт и навыки соответствуют требованиям, буду рад обсудить детали.

С уважением

2026-08-25 23:07:26 [INFO] hhru_bot.questionnaires.answerer: [skip] Вопрос анкеты в очереди: 1. Ты используешь AI-агенты и автоматизации в маркетинге на постоянной основе (ресёрч, контент, аналитика, рутина)? — вопрос не сопоставлен ни с одним шаблоном
2026-08-25 23:07:26 [INFO] hhru_bot.questionnaires.answerer: [skip] Вопрос анкеты в очереди: 2. Ты был единственным маркетологом в стартапе и строил маркетинг/GTM с нуля сам, руками? — вопрос не сопоставлен ни с одним шаблоном
2026-08-25 23:07:26 [INFO] hhru_bot.questionnaires.answerer: [skip] Вопрос анкеты в очереди: 3. Готов работать hands-on в одиночку (без команды подрядчиков под тобой), отдавая рутину AI-агентам? — вопрос не сопоставлен ни с одним шаблоном
2026-08-25 23:07:26 [INFO] hhru_bot.questionnaires.answerer: [skip] Вопрос анкеты в очереди: 4. За последний год ты сам, руками, собирал лендинги / креативы / контент и запускал каналы — а не ставил задачи подрядчикам и команде? — вопрос не сопоставлен ни с одним шаблоном
2026-08-25 23:07:26 [INFO] hhru_bot.questionnaires.answerer: [skip] Вопрос анкеты в очереди: 5. Ты готов к полной удалёнке и оформлению как контрактор / ИП? — вопрос не сопоставлен ни с одним шаблоном
2026-08-25 23:07:26 [INFO] hhru_bot.apply: [DRY-RUN] Вопрос: 1. Ты используешь AI-агенты и автоматизации в маркетинге на постоянной основе (ресёрч, контент, аналитика, рутина)? | Ответ: (пропущен: низкая уверенность) | confidence=0.00
2026-08-25 23:07:26 [INFO] hhru_bot.apply: [DRY-RUN] Вопрос: 2. Ты был единственным маркетологом в стартапе и строил маркетинг/GTM с нуля сам, руками? | Ответ: (пропущен: низкая уверенность) | confidence=0.00
2026-08-25 23:07:26 [INFO] hhru_bot.apply: [DRY-RUN] Вопрос: 3. Готов работать hands-on в одиночку (без команды подрядчиков под тобой), отдавая рутину AI-агентам? | Ответ: (пропущен: низкая уверенность) | confidence=0.00
2026-08-25 23:07:26 [INFO] hhru_bot.apply: [DRY-RUN] Вопрос: 4. За последний год ты сам, руками, собирал лендинги / креативы / контент и запускал каналы — а не ставил задачи подрядчикам и команде? | Ответ: (пропущен: низкая уверенность) | confidence=0.00
2026-08-25 23:07:26 [INFO] hhru_bot.apply: [DRY-RUN] Вопрос: 5. Ты готов к полной удалёнке и оформлению как контрактор / ИП? | Ответ: (пропущен: низкая уверенность) | confidence=0.00
2026-08-25 23:07:26 [INFO] hhru_bot.search: Загрузка страницы поиска: https://hh.ru/search/vacancy?text=%D0%9C%D0%B0%D1%80%D0%BA%D0%B5%D1%82%D0%BE%D0%BB%D0%BE%D0%B3&page=1&area=113&schedule=remote
2026-08-25 23:07:30 [INFO] hhru_bot.search: Найдено вакансий всего: 20
2026-08-25 23:07:30 [INFO] hhru_bot.apply.letter: letter-match 136400997 'Маркетолог / Performance Marketing / Digital Marketing Manager': 45.8/100 (keyword-match письма)
2026-08-25 23:07:30 [INFO] hhru_bot.apply: Открываю вакансию: Маркетолог / Performance Marketing / Digital Marketing Manager (https://hh.ru/vacancy/136400997)
2026-08-25 23:07:33 [INFO] hhru_bot.apply: [DRY-RUN] Откликнулся бы на 'Маркетолог / Performance Marketing / Digital Marketing Manager' с письмом:
Здравствуйте!

Меня заинтересовала вакансия "Маркетолог / Performance Marketing / Digital Marketing Manager" в компании MSTech L.L.C-FZ.
Мой опыт и навыки соответствуют требованиям, буду рад обсудить детали.

С уважением

2026-08-25 23:07:43 [INFO] hhru_bot.apply.letter: letter-match 136570180 'Маркетолог по работе с базой': 23.5/100 (keyword-match письма)
2026-08-25 23:07:43 [INFO] hhru_bot.apply: Открываю вакансию: Маркетолог по работе с базой (https://hh.ru/vacancy/136570180)
2026-08-25 23:07:46 [INFO] hhru_bot.apply: [DRY-RUN] Откликнулся бы на 'Маркетолог по работе с базой' с письмом:
Здравствуйте!

Меня заинтересовала вакансия "Маркетолог по работе с базой" в компании Create Community.
Мой опыт и навыки соответствуют требованиям, буду рад обсудить детали.

С уважением

2026-08-25 23:07:57 [INFO] hhru_bot.apply.letter: letter-match 136609189 'Маркетолог': 23.5/100 (keyword-match письма)
2026-08-25 23:07:57 [INFO] hhru_bot.apply: Открываю вакансию: Маркетолог (https://hh.ru/vacancy/136609189)
2026-08-25 23:08:00 [INFO] hhru_bot.apply: [DRY-RUN] Откликнулся бы на 'Маркетолог' с письмом:
Здравствуйте!

Меня заинтересовала вакансия "Маркетолог" в компании Яркий кадр, Студия.
Мой опыт и навыки соответствуют требованиям, буду рад обсудить детали.

С уважением

2026-08-25 23:08:11 [INFO] hhru_bot.apply.letter: letter-match 135620881 'Маркетолог по автоворонкам': 29.4/100 (keyword-match письма)
2026-08-25 23:08:11 [INFO] hhru_bot.apply: Открываю вакансию: Маркетолог по автоворонкам (https://hh.ru/vacancy/135620881)
2026-08-25 23:08:13 [INFO] hhru_bot.apply: [DRY-RUN] Откликнулся бы на 'Маркетолог по автоворонкам' с письмом:
Здравствуйте!

Меня заинтересовала вакансия "Маркетолог по автоворонкам" в компании ООО Матита.
Мой опыт и навыки соответствуют требованиям, буду рад обсудить детали.

С уважением

2026-08-25 23:08:21 [WARNING] hhru_bot.apply: [FAIL] Маркетолог по автоворонкам — не удалось подтвердить состояние формы отклика (форма не отрисовалась или границы формы не определены)
2026-08-25 23:08:22 [INFO] hhru_bot.apply.letter: letter-match 136294874 'Трафик-менеджер / перформанс-маркетолог в маркетинговую студию': 40.9/100 (keyword-match письма)
2026-08-25 23:08:22 [INFO] hhru_bot.apply: Открываю вакансию: Трафик-менеджер / перформанс-маркетолог в маркетинговую студию (https://hh.ru/vacancy/136294874)
2026-08-25 23:08:35 [INFO] hhru_bot.apply: [DRY-RUN] Откликнулся бы на 'Трафик-менеджер / перформанс-маркетолог в маркетинговую студию' с письмом:
Здравствуйте!

Меня заинтересовала вакансия "Трафик-менеджер / перформанс-маркетолог в маркетинговую студию" в компании Студия Владислава Фишера.
Мой опыт и навыки соответствуют требованиям, буду рад обсудить детали.

С уважением

2026-08-25 23:08:47 [INFO] hhru_bot.apply.letter: letter-match 136397951 'Маркетолог‑контентолог‑креатор': 27.8/100 (keyword-match письма)
2026-08-25 23:08:47 [INFO] hhru_bot.apply: Открываю вакансию: Маркетолог‑контентолог‑креатор (https://hh.ru/vacancy/136397951)
2026-08-25 23:08:50 [INFO] hhru_bot.apply: [DRY-RUN] Откликнулся бы на 'Маркетолог‑контентолог‑креатор' с письмом:
Здравствуйте!

Меня заинтересовала вакансия "Маркетолог‑контентолог‑креатор" в компании Rozhkov Recruitment.
Мой опыт и навыки соответствуют требованиям, буду рад обсудить детали.

С уважением

2026-08-25 23:09:01 [INFO] hhru_bot.apply.letter: letter-match 136145550 'Маркетолог по автоворонкам': 23.5/100 (keyword-match письма)
2026-08-25 23:09:01 [INFO] hhru_bot.apply: Открываю вакансию: Маркетолог по автоворонкам (https://hh.ru/vacancy/136145550)
2026-08-25 23:09:04 [INFO] hhru_bot.apply: [DRY-RUN] Откликнулся бы на 'Маркетолог по автоворонкам' с письмом:
Здравствуйте!

Меня заинтересовала вакансия "Маркетолог по автоворонкам" в компании Create Community.
Мой опыт и навыки соответствуют требованиям, буду рад обсудить детали.

С уважением

2026-08-25 23:09:15 [INFO] hhru_bot.apply.letter: letter-match 135624936 'Маркетолог B2B в IT (Edtech)': 40.0/100 (keyword-match письма)
2026-08-25 23:09:15 [INFO] hhru_bot.apply: Открываю вакансию: Маркетолог B2B в IT (Edtech) (https://hh.ru/vacancy/135624936)
2026-08-25 23:09:17 [INFO] hhru_bot.apply: [DRY-RUN] Откликнулся бы на 'Маркетолог B2B в IT (Edtech)' с письмом:
Здравствуйте!

Меня заинтересовала вакансия "Маркетолог B2B в IT (Edtech)" в компании ООО Мой Класс.
Мой опыт и навыки соответствуют требованиям, буду рад обсудить детали.

С уважением

2026-08-25 23:09:28 [INFO] hhru_bot.apply.letter: letter-match 134576148 'Продуктовый маркетолог в Маркет': 23.5/100 (keyword-match письма)
2026-08-25 23:09:28 [INFO] hhru_bot.apply: Открываю вакансию: Продуктовый маркетолог в Маркет (https://hh.ru/vacancy/134576148)
2026-08-25 23:09:31 [INFO] hhru_bot.apply: [DRY-RUN] Откликнулся бы на 'Продуктовый маркетолог в Маркет' с письмом:
Здравствуйте!

Меня заинтересовала вакансия "Продуктовый маркетолог в Маркет" в компании Контур.
Мой опыт и навыки соответствуют требованиям, буду рад обсудить детали.

С уважением

2026-08-25 23:09:36 [INFO] hhru_bot.questionnaires.answerer: [skip] Вопрос анкеты в очереди: Какая роль вам интересна, с каким функционалом? Какие задачи хотели бы выполнять? — нет сохранённого ответа для шаблона 'desired_role'
2026-08-25 23:09:36 [INFO] hhru_bot.questionnaires.answerer: [skip] Вопрос анкеты в очереди: С каким(-и) сегментами бизнеса вы работали/работаете сейчас? — нет сохранённого ответа для шаблона 'business_segments'
2026-08-25 23:09:36 [INFO] hhru_bot.questionnaires.answerer: [skip] Вопрос анкеты в очереди: Ваш текущий уровень дохода — оклад и совокупная часть; Ваши ожидания по заработной плате — минимальный и комфортный уровень. — нет сохранённого ответа для шаблона 'salary'
2026-08-25 23:09:36 [INFO] hhru_bot.questionnaires.answerer: [skip] Вопрос анкеты в очереди: В каком городе вы проживаете на сегодняшний день? — нет сохранённого ответа для шаблона 'location'
2026-08-25 23:09:36 [INFO] hhru_bot.apply: [DRY-RUN] Вопрос: Какая роль вам интересна, с каким функционалом? Какие задачи хотели бы выполнять? | Ответ: (пропущен: низкая уверенность) | confidence=0.00
2026-08-25 23:09:36 [INFO] hhru_bot.apply: [DRY-RUN] Вопрос: С каким(-и) сегментами бизнеса вы работали/работаете сейчас? | Ответ: (пропущен: низкая уверенность) | confidence=0.00
2026-08-25 23:09:36 [INFO] hhru_bot.apply: [DRY-RUN] Вопрос: Ваш текущий уровень дохода — оклад и совокупная часть; Ваши ожидания по заработной плате — минимальный и комфортный уровень. | Ответ: (пропущен: низкая уверенность) | confidence=0.00
2026-08-25 23:09:36 [INFO] hhru_bot.apply: [DRY-RUN] Вопрос: В каком городе вы проживаете на сегодняшний день? | Ответ: (пропущен: низкая уверенность) | confidence=0.00
2026-08-25 23:09:36 [INFO] hhru_bot.apply.letter: letter-match 136053587 'MIddle+ / Маркетолог в сегменте B2B': 35.0/100 (keyword-match письма)
2026-08-25 23:09:36 [INFO] hhru_bot.apply: Открываю вакансию: MIddle+ / Маркетолог в сегменте B2B (https://hh.ru/vacancy/136053587)
2026-08-25 23:09:39 [INFO] hhru_bot.apply: [DRY-RUN] Откликнулся бы на 'MIddle+ / Маркетолог в сегменте B2B' с письмом:
Здравствуйте!

Меня заинтересовала вакансия "MIddle+ / Маркетолог в сегменте B2B" в компании ООО BGS Group.
Мой опыт и навыки соответствуют требованиям, буду рад обсудить детали.

С уважением


=== Отклики для резюме: marketing ===
  [OK] Интернет-маркетолог — ООО Carrot quest
  [OK] Digital-маркетолог — Фиджитех
  [OK] Маркетолог-аналитик (AI-интеграция) — Эксперт Новострой
  [OK] CRM-маркетолог / Retention-маркетолог — ООО Международная академия фейспластики и остеопатии
  [FAIL] Продуктовый маркетолог — пропущен вопрос с низкой уверенностью (5): Есть ли у тебя опыт работы в продуктовом маркетинге в SaaS? Если да — расскажи в одном предложении, какой продукт и какую роль ты закрывал. (dry-run — предпросмотр, не сохраняется)
  [OK] Маркетолог — Eqvanta
  [OK] Маркетолог B2B в IT (Edtech) — ООО Мой Класс
  [OK] Маркетолог — Испанское Бюро
  [OK] Маркетолог (БФЛ) — Центр Защиты Должников
  [OK] Маркетолог — Школа рекламы
  [FAIL] Ведущий продуктовый маркетолог — пропущен вопрос с низкой уверенностью (1): Опишите кратко ваш процесс взаимодействия с продуктовой командой. Как он строился на предыдущем месте? (dry-run — предпросмотр, не сохраняется)
  [OK] CPA-маркетолог/руководитель — ESTADEL
  [OK] Ведущий Growth-маркетолог / Growth Marketing Manager — ООО Интайм Девелоп
  [OK] Амбассадор Цитрус/сайты и веб-сервисы — ООО Компания Цитрус
  [FAIL] Founding AI Marketing Manager — пропущен вопрос с низкой уверенностью (5): 1. Ты используешь AI-агенты и автоматизации в маркетинге на постоянной основе (ресёрч, контент, аналитика, рутина)? (dry-run — предпросмотр, не сохраняется)

=== Отклики для резюме: marketing ===
  [OK] Маркетолог / Performance Marketing / Digital Marketing Manager — MSTech L.L.C-FZ
  [OK] Маркетолог по работе с базой — Create Community
  [OK] Маркетолог — Яркий кадр, Студия
  [FAIL] Маркетолог по автоворонкам — не удалось подтвердить состояние формы отклика (форма не отрисовалась или границы формы не определены)
  [OK] Трафик-менеджер / перформанс-маркетолог в маркетинговую студию — Студия Владислава Фишера
  [OK] Маркетолог‑контентолог‑креатор — Rozhkov Recruitment
  [OK] Маркетолог по автоворонкам — Create Community
  [OK] Маркетолог B2B в IT (Edtech) — ООО Мой Класс
  [FAIL] Продуктовый маркетолог в Маркет — пропущен вопрос с низкой уверенностью (4): Какая роль вам интересна, с каким функционалом? Какие задачи хотели бы выполнять? (dry-run — предпросмотр, не сохраняется)
  [OK] MIddle+ / Маркетолог в сегменте B2B — ООО BGS Group
Итого откликов за этот запуск: 20
[RUN] id=4ba6a6ea-3d96-42db-91f7-ee9be1920eea status=completed attempted=25 success=20 failed=5 uncertain=0 skipped=0
