[START] run_id=2144f8eb-eaee-4a84-8150-2bbfe26d559d competitors collect: headless=да, лимит страниц=1
2026-08-26 00:28:42 [INFO] hhru_bot.browser: Загружена сохранённая сессия: /Users/axisrow/Projects/hhru/data/storage_state/hh_session.json
[WARN] run_id=2144f8eb-eaee-4a84-8150-2bbfe26d559d пауза троттлинга перед следующей карточкой
2026-08-26 00:28:50 [INFO] hhru_bot.throttle: Пауза 23.2с (между карточками резюме конкурентов)
[WARN] run_id=2144f8eb-eaee-4a84-8150-2bbfe26d559d пауза троттлинга перед следующей карточкой
2026-08-26 00:29:14 [INFO] hhru_bot.throttle: Пауза 18.4с (между карточками резюме конкурентов)
[HEARTBEAT] run_id=2144f8eb-eaee-4a84-8150-2bbfe26d559d competitors collect жив: страница=0, карточек=20, сохранено=2, ошибок=0
[WARN] run_id=2144f8eb-eaee-4a84-8150-2bbfe26d559d пауза троттлинга перед следующей карточкой
2026-08-26 00:29:33 [INFO] hhru_bot.throttle: Пауза 11.7с (между карточками резюме конкурентов)
[WARN] run_id=2144f8eb-eaee-4a84-8150-2bbfe26d559d пауза троттлинга перед следующей карточкой
2026-08-26 00:29:46 [INFO] hhru_bot.throttle: Пауза 22.4с (между карточками резюме конкурентов)
[WARN] run_id=2144f8eb-eaee-4a84-8150-2bbfe26d559d пауза троттлинга перед следующей карточкой
2026-08-26 00:30:10 [INFO] hhru_bot.throttle: Пауза 8.9с (между карточками резюме конкурентов)
[HEARTBEAT] run_id=2144f8eb-eaee-4a84-8150-2bbfe26d559d competitors collect жив: страница=0, карточек=20, сохранено=5, ошибок=0
[WARN] run_id=2144f8eb-eaee-4a84-8150-2bbfe26d559d пауза троттлинга перед следующей карточкой
2026-08-26 00:30:20 [INFO] hhru_bot.throttle: Пауза 22.3с (между карточками резюме конкурентов)
[WARN] run_id=2144f8eb-eaee-4a84-8150-2bbfe26d559d пауза троттлинга перед следующей карточкой
2026-08-26 00:30:43 [INFO] hhru_bot.throttle: Пауза 17.4с (между карточками резюме конкурентов)
[HEARTBEAT] run_id=2144f8eb-eaee-4a84-8150-2bbfe26d559d competitors collect жив: страница=0, карточек=20, сохранено=7, ошибок=0
[WARN] run_id=2144f8eb-eaee-4a84-8150-2bbfe26d559d пауза троттлинга перед следующей карточкой
2026-08-26 00:31:02 [INFO] hhru_bot.throttle: Пауза 12.8с (между карточками резюме конкурентов)
[WARN] run_id=2144f8eb-eaee-4a84-8150-2bbfe26d559d пауза троттлинга перед следующей карточкой
2026-08-26 00:31:15 [INFO] hhru_bot.throttle: Пауза 14.4с (между карточками резюме конкурентов)
[WARN] run_id=2144f8eb-eaee-4a84-8150-2bbfe26d559d пауза троттлинга перед следующей карточкой
2026-08-26 00:31:31 [INFO] hhru_bot.throttle: Пауза 14.5с (между карточками резюме конкурентов)
[HEARTBEAT] run_id=2144f8eb-eaee-4a84-8150-2bbfe26d559d competitors collect жив: страница=0, карточек=20, сохранено=10, ошибок=0
[WARN] run_id=2144f8eb-eaee-4a84-8150-2bbfe26d559d пауза троттлинга перед следующей карточкой
2026-08-26 00:31:47 [INFO] hhru_bot.throttle: Пауза 12.7с (между карточками резюме конкурентов)
[WARN] run_id=2144f8eb-eaee-4a84-8150-2bbfe26d559d пауза троттлинга перед следующей карточкой
2026-08-26 00:32:00 [INFO] hhru_bot.throttle: Пауза 19.6с (между карточками резюме конкурентов)
[WARN] run_id=2144f8eb-eaee-4a84-8150-2bbfe26d559d пауза троттлинга перед следующей карточкой
2026-08-26 00:32:21 [INFO] hhru_bot.throttle: Пауза 9.8с (между карточками резюме конкурентов)
[HEARTBEAT] run_id=2144f8eb-eaee-4a84-8150-2bbfe26d559d competitors collect жив: страница=0, карточек=20, сохранено=13, ошибок=0
[WARN] run_id=2144f8eb-eaee-4a84-8150-2bbfe26d559d пауза троттлинга перед следующей карточкой
2026-08-26 00:32:32 [INFO] hhru_bot.throttle: Пауза 22.8с (между карточками резюме конкурентов)
[WARN] run_id=2144f8eb-eaee-4a84-8150-2bbfe26d559d пауза троттлинга перед следующей карточкой
2026-08-26 00:32:56 [INFO] hhru_bot.throttle: Пауза 23.6с (между карточками резюме конкурентов)
[HEARTBEAT] run_id=2144f8eb-eaee-4a84-8150-2bbfe26d559d competitors collect жив: страница=0, карточек=20, сохранено=15, ошибок=0
[WARN] run_id=2144f8eb-eaee-4a84-8150-2bbfe26d559d пауза троттлинга перед следующей карточкой
2026-08-26 00:33:20 [INFO] hhru_bot.throttle: Пауза 9.5с (между карточками резюме конкурентов)
[WARN] run_id=2144f8eb-eaee-4a84-8150-2bbfe26d559d пауза троттлинга перед следующей карточкой
2026-08-26 00:33:31 [INFO] hhru_bot.throttle: Пауза 19.7с (между карточками резюме конкурентов)
[WARN] run_id=2144f8eb-eaee-4a84-8150-2bbfe26d559d пауза троттлинга перед следующей карточкой
2026-08-26 00:33:52 [INFO] hhru_bot.throttle: Пауза 11.7с (между карточками резюме конкурентов)
[HEARTBEAT] run_id=2144f8eb-eaee-4a84-8150-2bbfe26d559d competitors collect жив: страница=0, карточек=20, сохранено=18, ошибок=0
[WARN] run_id=2144f8eb-eaee-4a84-8150-2bbfe26d559d пауза троттлинга перед следующей карточкой
2026-08-26 00:34:05 [INFO] hhru_bot.throttle: Пауза 19.7с (между карточками резюме конкурентов)
[PROGRESS] run_id=2144f8eb-eaee-4a84-8150-2bbfe26d559d страница=1, карточек=20, деталей=20, новых/обновлено=20, ошибок=0
Конкуренты: run_id=2144f8eb-eaee-4a84-8150-2bbfe26d559d, заявлено hh.ru 12382, доступно страниц 50, фактически карточек/страницу 20, просмотрено страниц 1, увидено карточек 20, сохранено уникальных 20, новых 20, обновлено 0, без изменений 0, ошибок 0, код завершения=0
[WARN] run_id=2144f8eb-eaee-4a84-8150-2bbfe26d559d запрошено items_on_page=100, фактически hh.ru вернул 20 карточек на первой странице; hh.ru сообщает 12382 резюме, но текущей сессии доступно не более 1000 (50 стр. x 20); остальные hh.ru показывает после регистрации работодателя
[WARN] run_id=2144f8eb-eaee-4a84-8150-2bbfe26d559d выдача ограничена --max-pages=1; следующий checkpoint: страница=2

--- SQLite final row ---
run_id                                status   pages_fetched  cards_seen  details_saved  details_failed  last_started_page  last_completed_page  resume_page  observed_page_size  heartbeat_at         finished_at          exit_code  detail                
------------------------------------  -------  -------------  ----------  -------------  --------------  -----------------  -------------------  -----------  ------------------  -------------------  -------------------  ---------  ----------------------
2144f8eb-eaee-4a84-8150-2bbfe26d559d  limited  1              20          20             0               0                  0                    1            20                  2026-08-26T00:34:26  2026-08-26T00:34:26  0          limited_by_max_pages=1
